// Jest Snapshot v1, https://goo.gl/fbAQLP

exports[`renders <Button /> without throwing 1`] = `
<span
  onClick={[Function]}
  role="button"
>
   I am a Button
</span>
`;
